\BOOKMARK [1][-]{section.1}{\376\377\000I\000n\000t\000r\000o\000d\000u\000c\000t\000i\000o\000n}{}% 1
\BOOKMARK [1][-]{section.2}{\376\377\000U\000n\000i\000f\000i\000e\000d\000\040\000P\000r\000o\000b\000l\000e\000m\000\040\000F\000o\000r\000m\000u\000l\000a\000t\000i\000o\000n}{}% 2
\BOOKMARK [2][-]{subsection.2.1}{\376\377\000T\000h\000e\000\040\000F\000o\000u\000n\000d\000a\000t\000i\000o\000n\000\040\000o\000f\000\040\000M\000a\000t\000h\000e\000m\000a\000t\000i\000c\000s\000-\000T\000h\000e\000\040\000M\000a\000t\000r\000i\000x\000\040\000a\000n\000d\000\040\000t\000h\000e\000\040\000S\000t\000r\000u\000c\000t\000u\000r\000e\000d\000\040\000G\000r\000a\000d\000i\000e\000n\000t}{section.2}% 3
\BOOKMARK [3][-]{subsubsection.2.1.1}{\376\377\000M\000a\000t\000r\000i\000x\000\040\000B\000a\000c\000k\000p\000r\000o\000p\000a\000g\000a\000t\000i\000o\000n\000\040\000f\000o\000r\000\040\000D\000e\000e\000p\000\040\000N\000e\000t\000w\000o\000r\000k\000s\000\040\000w\000i\000t\000h\000\040\000S\000t\000r\000u\000c\000t\000u\000r\000e\000d\000\040\000L\000a\000y\000e\000r\000s}{subsection.2.1}% 4
\BOOKMARK [3][-]{subsubsection.2.1.2}{\376\377\000A\000\040\000U\000n\000i\000f\000i\000e\000d\000\040\000F\000r\000a\000m\000e\000w\000o\000r\000k\000\040\000f\000o\000r\000\040\000M\000a\000t\000r\000i\000x\000\040\000B\000a\000c\000k\000p\000r\000o\000p\000a\000g\000a\000t\000i\000o\000n}{subsection.2.1}% 5
\BOOKMARK [2][-]{subsection.2.2}{\376\377\000O\000p\000t\000i\000m\000i\000z\000a\000t\000i\000o\000n\000\040\000a\000s\000\040\000M\000o\000d\000e\000l\000:\000\040\000F\000r\000o\000m\000\040\000C\000o\000n\000s\000t\000r\000a\000i\000n\000t\000\040\000N\000e\000t\000w\000o\000r\000k\000s\000\040\000t\000o\000\040\000E\000m\000b\000e\000d\000d\000e\000d\000\040\000S\000o\000l\000v\000e\000r\000s}{section.2}% 6
\BOOKMARK [3][-]{subsubsection.2.2.1}{\376\377\000O\000p\000t\000N\000e\000t\000:\000\040\000D\000i\000f\000f\000e\000r\000e\000n\000t\000i\000a\000b\000l\000e\000\040\000Q\000u\000a\000d\000r\000a\000t\000i\000c\000\040\000P\000r\000o\000g\000r\000a\000m\000s\000\040\000a\000s\000\040\000L\000a\000y\000e\000r\000s}{subsection.2.2}% 7
\BOOKMARK [3][-]{subsubsection.2.2.2}{\376\377\000D\000i\000f\000f\000e\000r\000e\000n\000t\000i\000a\000b\000l\000e\000\040\000C\000o\000n\000v\000e\000x\000\040\000O\000p\000t\000i\000m\000i\000z\000a\000t\000i\000o\000n\000:\000\040\000F\000r\000o\000m\000\040\000Q\000P\000\040\000t\000o\000\040\000C\000o\000n\000e\000\040\000P\000r\000o\000g\000r\000a\000m\000s}{subsection.2.2}% 8
\BOOKMARK [3][-]{subsubsection.2.2.3}{\376\377\000I\000n\000p\000u\000t\000\040\000C\000o\000n\000v\000e\000x\000\040\000N\000e\000u\000r\000a\000l\000\040\000N\000e\000t\000w\000o\000r\000k\000s\000:\000\040\000I\000n\000f\000e\000r\000e\000n\000c\000e\000\040\000v\000i\000a\000\040\000O\000p\000t\000i\000m\000i\000z\000a\000t\000i\000o\000n}{subsection.2.2}% 9
\BOOKMARK [2][-]{subsection.2.3}{\376\377\000D\000e\000p\000t\000h\000\040\000a\000s\000\040\000T\000i\000m\000e\000:\000\040\000C\000o\000n\000t\000i\000n\000u\000o\000u\000s\000\040\000a\000n\000d\000\040\000I\000n\000f\000i\000n\000i\000t\000e\000\040\000D\000e\000p\000t\000h\000\040\000M\000o\000d\000e\000l\000s}{section.2}% 10
\BOOKMARK [3][-]{subsubsection.2.3.1}{\376\377\000N\000e\000u\000r\000a\000l\000\040\000O\000r\000d\000i\000n\000a\000r\000y\000\040\000D\000i\000f\000f\000e\000r\000e\000n\000t\000i\000a\000l\000\040\000E\000q\000u\000a\000t\000i\000o\000n\000s}{subsection.2.3}% 11
\BOOKMARK [3][-]{subsubsection.2.3.2}{\376\377\000D\000e\000e\000p\000\040\000E\000q\000u\000i\000l\000i\000b\000r\000i\000u\000m\000\040\000M\000o\000d\000e\000l\000s\000\040\000\050\000D\000E\000Q\000\051}{subsection.2.3}% 12
\BOOKMARK [1][-]{section.3}{\376\377\000C\000r\000i\000t\000i\000c\000a\000l\000\040\000L\000i\000t\000e\000r\000a\000t\000u\000r\000e\000\040\000R\000e\000v\000i\000e\000w}{}% 13
\BOOKMARK [2][-]{subsection.3.1}{\376\377\000F\000i\000x\000e\000d\000-\000P\000o\000i\000n\000t\000\040\000a\000n\000d\000\040\000O\000D\000E\000\040\000B\000a\000s\000e\000d\000\040\000M\000o\000d\000e\000l\000s}{section.3}% 14
\BOOKMARK [2][-]{subsection.3.2}{\376\377\000D\000i\000f\000f\000e\000r\000e\000n\000t\000i\000a\000b\000l\000e\000\040\000O\000p\000t\000i\000m\000i\000z\000a\000t\000i\000o\000n\000\040\000L\000a\000y\000e\000r\000s}{section.3}% 15
\BOOKMARK [2][-]{subsection.3.3}{\376\377\000E\000f\000f\000i\000c\000i\000e\000n\000t\000\040\000C\000o\000m\000p\000u\000t\000a\000t\000i\000o\000n\000\040\000a\000n\000d\000\040\000M\000a\000t\000r\000i\000x\000\040\000B\000a\000c\000k\000p\000r\000o\000p\000a\000g\000a\000t\000i\000o\000n}{section.3}% 16
\BOOKMARK [1][-]{section.4}{\376\377\000P\000r\000o\000p\000o\000s\000e\000d\000\040\000M\000e\000t\000h\000o\000d\000:\000\040\000[\000Y\000o\000u\000r\000\040\000M\000e\000t\000h\000o\000d\000\040\000N\000a\000m\000e\000]}{}% 17
\BOOKMARK [2][-]{subsection.4.1}{\376\377\000M\000o\000t\000i\000v\000a\000t\000i\000o\000n}{section.4}% 18
\BOOKMARK [2][-]{subsection.4.2}{\376\377\000M\000e\000t\000h\000o\000d\000o\000l\000o\000g\000y}{section.4}% 19
\BOOKMARK [1][-]{section.5}{\376\377\000N\000u\000m\000e\000r\000i\000c\000a\000l\000\040\000E\000x\000p\000e\000r\000i\000m\000e\000n\000t\000s}{}% 20
\BOOKMARK [2][-]{subsection.5.1}{\376\377\000E\000x\000p\000e\000r\000i\000m\000e\000n\000t\000a\000l\000\040\000S\000e\000t\000u\000p}{section.5}% 21
\BOOKMARK [2][-]{subsection.5.2}{\376\377\000R\000e\000s\000u\000l\000t\000s}{section.5}% 22
\BOOKMARK [1][-]{section.6}{\376\377\000C\000o\000n\000c\000l\000u\000s\000i\000o\000n}{}% 23
\BOOKMARK [1][-]{appendix.1.A}{\376\377\000A\000p\000p\000e\000n\000d\000i\000x\000\040\000C\000o\000m\000p\000a\000r\000a\000t\000i\000v\000e\000\040\000A\000n\000a\000l\000y\000s\000i\000s\000\040\000o\000f\000\040\000M\000a\000t\000r\000i\000x\000\040\000B\000a\000c\000k\000p\000r\000o\000p\000a\000g\000a\000t\000i\000o\000n\000\040\000M\000e\000t\000h\000o\000d\000s}{}% 24
\BOOKMARK [2][-]{subsection.1.A.1}{\376\377\000T\000h\000e\000o\000r\000e\000t\000i\000c\000a\000l\000\040\000F\000o\000r\000m\000u\000l\000a\000t\000i\000o\000n}{appendix.1.A}% 25
\BOOKMARK [2][-]{subsection.1.A.2}{\376\377\000E\000x\000p\000e\000r\000i\000m\000e\000n\000t\000a\000l\000\040\000V\000e\000r\000i\000f\000i\000c\000a\000t\000i\000o\000n}{appendix.1.A}% 26
\BOOKMARK [3][-]{subsubsection.1.A.2.1}{\376\377\000N\000u\000m\000e\000r\000i\000c\000a\000l\000\040\000S\000t\000a\000b\000i\000l\000i\000t\000y\000\040\000a\000n\000d\000\040\000E\000f\000f\000i\000c\000i\000e\000n\000c\000y}{subsection.1.A.2}% 27
\BOOKMARK [2][-]{subsection.1.A.3}{\376\377\000C\000o\000n\000c\000l\000u\000s\000i\000o\000n}{appendix.1.A}% 28
